// Jest Snapshot v1, https://goo.gl/fbAQLP

exports[`Should render each weather block with correct temperature renders WeatherBlock correctly 1`] = `
<Provider
  store={
    Object {
      "clearActions": [Function],
      "dispatch": [Function],
      "getActions": [Function],
      "getState": [Function],
      "replaceReducer": [Function],
      "subscribe": [Function],
    }
  }
>
  <WeatherBlock
    data={
      Array [
        Object {
          "clouds": Object {
            "all": 14,
          },
          "dt": 1593118800,
          "dt_txt": "2020-06-25 21:00:00",
          "main": Object {
            "feels_like": 291.01,
            "grnd_level": 958,
            "humidity": 75,
            "pressure": 1018,
            "sea_level": 1018,
            "temp": 290.7,
            "temp_kf": 3.18,
            "temp_max": 290.7,
            "temp_min": 287.52,
          },
          "sys": Object {
            "pod": "n",
          },
          "weather": Array [
            Object {
              "description": "few clouds",
              "icon": "02n",
              "id": 801,
              "main": "Clouds",
            },
          ],
          "wind": Object {
            "deg": 132,
            "speed": 0.92,
          },
        },
      ]
    }
    day={0}
    isSelected={true}
    utcOffset={0}
  >
    <div
      className="makeStyles-container-1 makeStyles-containerSelected-10"
    >
      <WithStyles(ForwardRef(Typography))
        className="makeStyles-date-11"
      >
        <ForwardRef(Typography)
          className="makeStyles-date-11"
          classes={
            Object {
              "alignCenter": "MuiTypography-alignCenter",
              "alignJustify": "MuiTypography-alignJustify",
              "alignLeft": "MuiTypography-alignLeft",
              "alignRight": "MuiTypography-alignRight",
              "body1": "MuiTypography-body1",
              "body2": "MuiTypography-body2",
              "button": "MuiTypography-button",
              "caption": "MuiTypography-caption",
              "colorError": "MuiTypography-colorError",
              "colorInherit": "MuiTypography-colorInherit",
              "colorPrimary": "MuiTypography-colorPrimary",
              "colorSecondary": "MuiTypography-colorSecondary",
              "colorTextPrimary": "MuiTypography-colorTextPrimary",
              "colorTextSecondary": "MuiTypography-colorTextSecondary",
              "displayBlock": "MuiTypography-displayBlock",
              "displayInline": "MuiTypography-displayInline",
              "gutterBottom": "MuiTypography-gutterBottom",
              "h1": "MuiTypography-h1",
              "h2": "MuiTypography-h2",
              "h3": "MuiTypography-h3",
              "h4": "MuiTypography-h4",
              "h5": "MuiTypography-h5",
              "h6": "MuiTypography-h6",
              "noWrap": "MuiTypography-noWrap",
              "overline": "MuiTypography-overline",
              "paragraph": "MuiTypography-paragraph",
              "root": "MuiTypography-root",
              "srOnly": "MuiTypography-srOnly",
              "subtitle1": "MuiTypography-subtitle1",
              "subtitle2": "MuiTypography-subtitle2",
            }
          }
        >
          <p
            className="MuiTypography-root makeStyles-date-11 MuiTypography-body1"
          >
            01/01/1970
          </p>
        </ForwardRef(Typography)>
      </WithStyles(ForwardRef(Typography))>
      <WithStyles(ForwardRef(Typography))
        className="makeStyles-temperature-2"
      >
        <ForwardRef(Typography)
          className="makeStyles-temperature-2"
          classes={
            Object {
              "alignCenter": "MuiTypography-alignCenter",
              "alignJustify": "MuiTypography-alignJustify",
              "alignLeft": "MuiTypography-alignLeft",
              "alignRight": "MuiTypography-alignRight",
              "body1": "MuiTypography-body1",
              "body2": "MuiTypography-body2",
              "button": "MuiTypography-button",
              "caption": "MuiTypography-caption",
              "colorError": "MuiTypography-colorError",
              "colorInherit": "MuiTypography-colorInherit",
              "colorPrimary": "MuiTypography-colorPrimary",
              "colorSecondary": "MuiTypography-colorSecondary",
              "colorTextPrimary": "MuiTypography-colorTextPrimary",
              "colorTextSecondary": "MuiTypography-colorTextSecondary",
              "displayBlock": "MuiTypography-displayBlock",
              "displayInline": "MuiTypography-displayInline",
              "gutterBottom": "MuiTypography-gutterBottom",
              "h1": "MuiTypography-h1",
              "h2": "MuiTypography-h2",
              "h3": "MuiTypography-h3",
              "h4": "MuiTypography-h4",
              "h5": "MuiTypography-h5",
              "h6": "MuiTypography-h6",
              "noWrap": "MuiTypography-noWrap",
              "overline": "MuiTypography-overline",
              "paragraph": "MuiTypography-paragraph",
              "root": "MuiTypography-root",
              "srOnly": "MuiTypography-srOnly",
              "subtitle1": "MuiTypography-subtitle1",
              "subtitle2": "MuiTypography-subtitle2",
            }
          }
        >
          <p
            className="MuiTypography-root makeStyles-temperature-2 MuiTypography-body1"
          >
            18
             °
            C
          </p>
        </ForwardRef(Typography)>
      </WithStyles(ForwardRef(Typography))>
      <div>
        <WithStyles(ForwardRef(Typography))
          className="makeStyles-feelsLikeHeader-8"
        >
          <ForwardRef(Typography)
            className="makeStyles-feelsLikeHeader-8"
            classes={
              Object {
                "alignCenter": "MuiTypography-alignCenter",
                "alignJustify": "MuiTypography-alignJustify",
                "alignLeft": "MuiTypography-alignLeft",
                "alignRight": "MuiTypography-alignRight",
                "body1": "MuiTypography-body1",
                "body2": "MuiTypography-body2",
                "button": "MuiTypography-button",
                "caption": "MuiTypography-caption",
                "colorError": "MuiTypography-colorError",
                "colorInherit": "MuiTypography-colorInherit",
                "colorPrimary": "MuiTypography-colorPrimary",
                "colorSecondary": "MuiTypography-colorSecondary",
                "colorTextPrimary": "MuiTypography-colorTextPrimary",
                "colorTextSecondary": "MuiTypography-colorTextSecondary",
                "displayBlock": "MuiTypography-displayBlock",
                "displayInline": "MuiTypography-displayInline",
                "gutterBottom": "MuiTypography-gutterBottom",
                "h1": "MuiTypography-h1",
                "h2": "MuiTypography-h2",
                "h3": "MuiTypography-h3",
                "h4": "MuiTypography-h4",
                "h5": "MuiTypography-h5",
                "h6": "MuiTypography-h6",
                "noWrap": "MuiTypography-noWrap",
                "overline": "MuiTypography-overline",
                "paragraph": "MuiTypography-paragraph",
                "root": "MuiTypography-root",
                "srOnly": "MuiTypography-srOnly",
                "subtitle1": "MuiTypography-subtitle1",
                "subtitle2": "MuiTypography-subtitle2",
              }
            }
          >
            <p
              className="MuiTypography-root makeStyles-feelsLikeHeader-8 MuiTypography-body1"
            >
              feelsLike
            </p>
          </ForwardRef(Typography)>
        </WithStyles(ForwardRef(Typography))>
        <WithStyles(ForwardRef(Typography))
          className="makeStyles-feelsLike-9"
        >
          <ForwardRef(Typography)
            className="makeStyles-feelsLike-9"
            classes={
              Object {
                "alignCenter": "MuiTypography-alignCenter",
                "alignJustify": "MuiTypography-alignJustify",
                "alignLeft": "MuiTypography-alignLeft",
                "alignRight": "MuiTypography-alignRight",
                "body1": "MuiTypography-body1",
                "body2": "MuiTypography-body2",
                "button": "MuiTypography-button",
                "caption": "MuiTypography-caption",
                "colorError": "MuiTypography-colorError",
                "colorInherit": "MuiTypography-colorInherit",
                "colorPrimary": "MuiTypography-colorPrimary",
                "colorSecondary": "MuiTypography-colorSecondary",
                "colorTextPrimary": "MuiTypography-colorTextPrimary",
                "colorTextSecondary": "MuiTypography-colorTextSecondary",
                "displayBlock": "MuiTypography-displayBlock",
                "displayInline": "MuiTypography-displayInline",
                "gutterBottom": "MuiTypography-gutterBottom",
                "h1": "MuiTypography-h1",
                "h2": "MuiTypography-h2",
                "h3": "MuiTypography-h3",
                "h4": "MuiTypography-h4",
                "h5": "MuiTypography-h5",
                "h6": "MuiTypography-h6",
                "noWrap": "MuiTypography-noWrap",
                "overline": "MuiTypography-overline",
                "paragraph": "MuiTypography-paragraph",
                "root": "MuiTypography-root",
                "srOnly": "MuiTypography-srOnly",
                "subtitle1": "MuiTypography-subtitle1",
                "subtitle2": "MuiTypography-subtitle2",
              }
            }
          >
            <p
              className="MuiTypography-root makeStyles-feelsLike-9 MuiTypography-body1"
            >
              18
               °
              C
            </p>
          </ForwardRef(Typography)>
        </WithStyles(ForwardRef(Typography))>
      </div>
      <div
        className="makeStyles-additionalInfo-6"
      >
        <div
          className="makeStyles-additionalInfoContainer-5"
        >
          <WithStyles(ForwardRef(Typography))
            className="makeStyles-additionalInfoHeader-4"
          >
            <ForwardRef(Typography)
              className="makeStyles-additionalInfoHeader-4"
              classes={
                Object {
                  "alignCenter": "MuiTypography-alignCenter",
                  "alignJustify": "MuiTypography-alignJustify",
                  "alignLeft": "MuiTypography-alignLeft",
                  "alignRight": "MuiTypography-alignRight",
                  "body1": "MuiTypography-body1",
                  "body2": "MuiTypography-body2",
                  "button": "MuiTypography-button",
                  "caption": "MuiTypography-caption",
                  "colorError": "MuiTypography-colorError",
                  "colorInherit": "MuiTypography-colorInherit",
                  "colorPrimary": "MuiTypography-colorPrimary",
                  "colorSecondary": "MuiTypography-colorSecondary",
                  "colorTextPrimary": "MuiTypography-colorTextPrimary",
                  "colorTextSecondary": "MuiTypography-colorTextSecondary",
                  "displayBlock": "MuiTypography-displayBlock",
                  "displayInline": "MuiTypography-displayInline",
                  "gutterBottom": "MuiTypography-gutterBottom",
                  "h1": "MuiTypography-h1",
                  "h2": "MuiTypography-h2",
                  "h3": "MuiTypography-h3",
                  "h4": "MuiTypography-h4",
                  "h5": "MuiTypography-h5",
                  "h6": "MuiTypography-h6",
                  "noWrap": "MuiTypography-noWrap",
                  "overline": "MuiTypography-overline",
                  "paragraph": "MuiTypography-paragraph",
                  "root": "MuiTypography-root",
                  "srOnly": "MuiTypography-srOnly",
                  "subtitle1": "MuiTypography-subtitle1",
                  "subtitle2": "MuiTypography-subtitle2",
                }
              }
            >
              <p
                className="MuiTypography-root makeStyles-additionalInfoHeader-4 MuiTypography-body1"
              >
                humidity
              </p>
            </ForwardRef(Typography)>
          </WithStyles(ForwardRef(Typography))>
          <WithStyles(ForwardRef(Typography))
            className="makeStyles-additionalInfoText-3"
          >
            <ForwardRef(Typography)
              className="makeStyles-additionalInfoText-3"
              classes={
                Object {
                  "alignCenter": "MuiTypography-alignCenter",
                  "alignJustify": "MuiTypography-alignJustify",
                  "alignLeft": "MuiTypography-alignLeft",
                  "alignRight": "MuiTypography-alignRight",
                  "body1": "MuiTypography-body1",
                  "body2": "MuiTypography-body2",
                  "button": "MuiTypography-button",
                  "caption": "MuiTypography-caption",
                  "colorError": "MuiTypography-colorError",
                  "colorInherit": "MuiTypography-colorInherit",
                  "colorPrimary": "MuiTypography-colorPrimary",
                  "colorSecondary": "MuiTypography-colorSecondary",
                  "colorTextPrimary": "MuiTypography-colorTextPrimary",
                  "colorTextSecondary": "MuiTypography-colorTextSecondary",
                  "displayBlock": "MuiTypography-displayBlock",
                  "displayInline": "MuiTypography-displayInline",
                  "gutterBottom": "MuiTypography-gutterBottom",
                  "h1": "MuiTypography-h1",
                  "h2": "MuiTypography-h2",
                  "h3": "MuiTypography-h3",
                  "h4": "MuiTypography-h4",
                  "h5": "MuiTypography-h5",
                  "h6": "MuiTypography-h6",
                  "noWrap": "MuiTypography-noWrap",
                  "overline": "MuiTypography-overline",
                  "paragraph": "MuiTypography-paragraph",
                  "root": "MuiTypography-root",
                  "srOnly": "MuiTypography-srOnly",
                  "subtitle1": "MuiTypography-subtitle1",
                  "subtitle2": "MuiTypography-subtitle2",
                }
              }
            >
              <p
                className="MuiTypography-root makeStyles-additionalInfoText-3 MuiTypography-body1"
              >
                75
                %
              </p>
            </ForwardRef(Typography)>
          </WithStyles(ForwardRef(Typography))>
        </div>
        <div
          className="makeStyles-additionalInfoContainer-5"
        >
          <WithStyles(ForwardRef(Typography))
            className="makeStyles-additionalInfoHeader-4"
          >
            <ForwardRef(Typography)
              className="makeStyles-additionalInfoHeader-4"
              classes={
                Object {
                  "alignCenter": "MuiTypography-alignCenter",
                  "alignJustify": "MuiTypography-alignJustify",
                  "alignLeft": "MuiTypography-alignLeft",
                  "alignRight": "MuiTypography-alignRight",
                  "body1": "MuiTypography-body1",
                  "body2": "MuiTypography-body2",
                  "button": "MuiTypography-button",
                  "caption": "MuiTypography-caption",
                  "colorError": "MuiTypography-colorError",
                  "colorInherit": "MuiTypography-colorInherit",
                  "colorPrimary": "MuiTypography-colorPrimary",
                  "colorSecondary": "MuiTypography-colorSecondary",
                  "colorTextPrimary": "MuiTypography-colorTextPrimary",
                  "colorTextSecondary": "MuiTypography-colorTextSecondary",
                  "displayBlock": "MuiTypography-displayBlock",
                  "displayInline": "MuiTypography-displayInline",
                  "gutterBottom": "MuiTypography-gutterBottom",
                  "h1": "MuiTypography-h1",
                  "h2": "MuiTypography-h2",
                  "h3": "MuiTypography-h3",
                  "h4": "MuiTypography-h4",
                  "h5": "MuiTypography-h5",
                  "h6": "MuiTypography-h6",
                  "noWrap": "MuiTypography-noWrap",
                  "overline": "MuiTypography-overline",
                  "paragraph": "MuiTypography-paragraph",
                  "root": "MuiTypography-root",
                  "srOnly": "MuiTypography-srOnly",
                  "subtitle1": "MuiTypography-subtitle1",
                  "subtitle2": "MuiTypography-subtitle2",
                }
              }
            >
              <p
                className="MuiTypography-root makeStyles-additionalInfoHeader-4 MuiTypography-body1"
              >
                pressure
              </p>
            </ForwardRef(Typography)>
          </WithStyles(ForwardRef(Typography))>
          <WithStyles(ForwardRef(Typography))
            className="makeStyles-additionalInfoText-3"
          >
            <ForwardRef(Typography)
              className="makeStyles-additionalInfoText-3"
              classes={
                Object {
                  "alignCenter": "MuiTypography-alignCenter",
                  "alignJustify": "MuiTypography-alignJustify",
                  "alignLeft": "MuiTypography-alignLeft",
                  "alignRight": "MuiTypography-alignRight",
                  "body1": "MuiTypography-body1",
                  "body2": "MuiTypography-body2",
                  "button": "MuiTypography-button",
                  "caption": "MuiTypography-caption",
                  "colorError": "MuiTypography-colorError",
                  "colorInherit": "MuiTypography-colorInherit",
                  "colorPrimary": "MuiTypography-colorPrimary",
                  "colorSecondary": "MuiTypography-colorSecondary",
                  "colorTextPrimary": "MuiTypography-colorTextPrimary",
                  "colorTextSecondary": "MuiTypography-colorTextSecondary",
                  "displayBlock": "MuiTypography-displayBlock",
                  "displayInline": "MuiTypography-displayInline",
                  "gutterBottom": "MuiTypography-gutterBottom",
                  "h1": "MuiTypography-h1",
                  "h2": "MuiTypography-h2",
                  "h3": "MuiTypography-h3",
                  "h4": "MuiTypography-h4",
                  "h5": "MuiTypography-h5",
                  "h6": "MuiTypography-h6",
                  "noWrap": "MuiTypography-noWrap",
                  "overline": "MuiTypography-overline",
                  "paragraph": "MuiTypography-paragraph",
                  "root": "MuiTypography-root",
                  "srOnly": "MuiTypography-srOnly",
                  "subtitle1": "MuiTypography-subtitle1",
                  "subtitle2": "MuiTypography-subtitle2",
                }
              }
            >
              <p
                className="MuiTypography-root makeStyles-additionalInfoText-3 MuiTypography-body1"
              >
                1018
                 hpa
              </p>
            </ForwardRef(Typography)>
          </WithStyles(ForwardRef(Typography))>
        </div>
      </div>
    </div>
  </WeatherBlock>
</Provider>
`;
